-0.138
-0.099
-0.098
-0.216

-0.368
-0.153
-0.138
-0.812

-0.384
-0.207
-0.146
-0.328
-0.444
-0.160
-0.541
-0.864

