[SentenceBegin]
Ta
on
arst.
[SentenceEnd]

[SentenceBegin]
Me
oleme
hambaarst.
[SentenceEnd]

[SentenceBegin]
Kiire
pruun
rebane
hÃ¼ppab
Ã¼le
laisk
koer.
[SentenceEnd]

