> The Bergamot project will add and improve client-side machine translation in a web browser.
< The Bergamot project will add and improve the translation of the client-side machine into a web browser.

> Unlike current cloud-based options, running directly on usersâ€™ machines empowers citizens to preserve their privacy and increases the uptake of language technologies in Europe in various sectors that require confidentiality.
< Unlike current cloud-based options, running directly on users' machines allows citizens to preserve their privacy and increases the adoption of language technologies in Europe in various sectors that require confidentiality.

