-1.272
-1.154
-0.497
-0.399
-0.318
-0.364
-1.794
-3.930
-1.718

-0.620
-0.312
-0.321
-2.856
-0.815
-0.425
-0.307
-0.854
-3.092
-0.369
-0.267
-0.225
-0.278
-0.386
-0.290
-0.349
-0.438
-0.217
-0.236
-0.310
-0.320
-0.656
-0.319

-0.560
-0.465
-0.296
-0.216
-0.203
-0.201
-0.204
-0.445
-1.441
-0.230
-0.420
-0.596
-0.200
-1.896
-0.633
-0.320
-0.329
-0.446
-1.232
-0.237
-0.259
-0.640
-0.200
-0.200
-0.200
-0.295
-0.200
-0.202
-0.794
-1.011
-0.203
-1.362
-2.353

