wmt10 wmt11 wmt13 wmt14 wmt15 wmt16 wmt17 wmt18 wmt19 federal emea tatoeba
25.9 23.0 27.8 29.6 32.6 38.3 31.0 45.7 41.6 27.2 31.9 43.6 
