wmt10 wmt11 wmt13 wmt14 wmt15 wmt16 wmt17 wmt18 wmt19 federal emea tatoeba
25.7 23.1 27.7 29.5 32.6 38.5 30.8 45.7 41.7 27.5 32.0 43.5 
