The:  Das
 Bergamo:   Bergamo
t:  t
 project:   Bergamo - Projekt
 will:   wird
 add:   die  hinzufügen
 and:   und
 improve:   hinzufügen  verbessern
 client:   maschine lle  Client
-:  lle -
side:  Seite
 machine:   Übersetzung
 translation:   maschine  Übersetzung
 in:   der  in
 a:   einem
 web:   Web browser
 browser:  browser
.:  .

Unlike:  Im  Gegensatz  zu
 current:   aktuellen
 cloud:   Cloud
-:  -
based:  basierten
 options:   Optionen
,: 
 running:   laufen s
 directly:   direkt
 on:   auf
 users:   den  Maschinen  Nutzer
’:   der
 machines:   den  Maschinen  der ,
 empower:  ,  die  ermöglicht
s:   die
 citizens:  ,
 to:   Bürger ,  zu
 preserve:   bewahren
 their:   ihre
 privacy:   Privatsphäre
 and:   und
 increases:   erhöht
 the:   erhöht  die
 up:   Verbreitung
take:   Verbreitung
 of:   von
 language:   Sprach
 technologies:  technologien
 in:   in
 Europe:   Europa
 in:   in
 various:   Europa  verschiedenen
 sectors:   Sektoren
 that:  ,  die
 require:   erfordern
 confidential:   Ver tra u lichkeit
ity:  lichkeit
.:  .

Free:  Freie
 software:   Software
 integrated:  ,  die  wie  integriert
 with:  ,  mit
 an:   die  einem
 open:   Open
-:  - -
source:  Source
 web:  Web
 browser:  browser
,: 
 such: 
 as:   wie
 Mozilla:   Mozilla
 Firefox:   Firefox
,:  ,
 will:   ermöglicht
 enable:   ermöglicht
 bottom:   die  Annahme  Bottom
-:  -
up:  up
 adoption:   Annahme
 by:   von  durch
 non:   Bottom  Nicht
-:  -
expert:  Ex per ten
s: 
,:  ,
 result:   was  zu
ing: 
 in: 
 cost:   zu  Kosten
 savings:  ein spar ungen
 for:   für
 private:   private
 and:   und
 public:   öffentliche
 sector:   führt ,
 users:   Nutzer
 who:  ,  die
 would:   würden
 otherwise:   and ern falls
 pro:   Übersetzung  be schaffen
cur:   be schaffen
e:   be
 translation:   Übersetzung
 or:   oder
 operate:   arbeiten
 mono:   ein stimmig
ling: 
ual:  stimmig
ly: 
.:   würden .

Bergamo:  Bergamo
t:  t
 is:   ist
 a:   ein
 consortium:   Kon sort ium
 coordinated:  ,  koordiniert
 by:   von
 the:   das  der
 University:   Universität
 of: 
 Edinburgh:   Edinburgh
 with:   mit
 partners:   den  Partnern
 Charles:   der  Charles
 University:   University
 in:   in
 Prague:   Prag
,:  ,
 the:   der
 University:   Universität
 of: 
 She:   She
f:  f
field:  field
,:  ,
 University:   der  Universität
 of: 
 Tar:   Tar
tu:  tu
,: 
 and:   und
 Mozilla:   Mozilla
.:   wird .
