-1.055
-1.418
-0.416
-0.393
-0.290
-0.346
-1.663
-2.779
-0.651
-1.536

-0.620
-0.312
-0.321
-2.856
-0.815
-0.425
-0.307
-0.854
-3.092
-0.369
-0.267
-0.225
-0.278
-0.386
-0.290
-0.349
-0.438
-0.217
-0.236
-0.310
-0.320
-0.656
-0.319

-0.585
-0.442
-0.307
-0.239
-0.209
-0.211
-0.214
-0.448
-1.520
-0.271
-0.436
-0.606
-0.208
-2.222
-1.027
-0.324
-0.324
-0.534
-1.423
-0.234
-0.242
-0.671
-0.208
-0.208
-0.208
-0.312
-0.208
-0.210
-0.875
-0.466
-0.210
-1.749
-1.943

