-0.138
-0.099
-0.098
-0.216

-0.213
-0.134
-0.112
-0.394

-0.332
-0.287
-0.141
-0.330
-0.433
-0.161
-0.436
-0.537

