-0.137
-0.099
-0.098
-0.215

-0.213
-0.133
-0.112
-0.392

-0.304
-0.273
-0.134
-0.313
-0.414
-0.152
-0.324
-0.517

