    Das Bergamot-Projekt wird die maschinelle Übersetzung der Client-Seite in einem Webbrowser hinzufügen und verbessern.

    Im Gegensatz zu aktuellen Cloud-basierten Optionen, die direkt auf den Maschinen der Nutzer laufen, ermöglicht dies Bürger, ihre Privatsphäre zu bewahren und erhöht die Verbreitung von Sprachtechnologien in Europa in verschiedenen Sektoren, die Vertraulichkeit erfordern. Freie Software, die mit einem Open-Source-Webbrowser wie Mozilla Firefox integriert ist, ermöglicht die Annahme von Bottom-up durch Nicht-Experten, was zu Kosteneinsparungen für private und öffentliche Nutzer führt, die andernfalls Übersetzung beschaffen oder einstimmig arbeiten würden.

    Bergamot ist ein Konsortium, das von der Universität Edinburgh mit den Partnern der Charles University in Prag, der Universität Sheffield, der Universität Tartu und Mozilla koordiniert wird.



