-0.138
-0.099
-0.098
-0.216

-0.296
-0.144
-0.128
-0.618

-0.258
-0.178
-0.123
-0.300
-0.384
-0.144
-0.253
-0.424

