The:  Das
 Bergamo:   Bergamo
t:  t
 project:   Bergamo - Projekt
 will:   wird
 add:   die  hinzufügen
 and:   und
 improve:   hinzufügen  verbessern
 client:   die  maschine lle  Client
-:  lle - -
side:  S ide
 machine:   Übersetzung  Client - Maschine
 translation:   maschine  Übersetzung
 in:   von n  in
 a:   einem
 web:   Web browser
 browser:  browser
.:  .

Unlike:  Im  Gegensatz  zu
 current:   aktuellen
 cloud:   Cloud
-:  -
based:  basierten
 options:   Optionen
,: 
 running:   laufen
 directly:   direkt
 on:   auf
 users:   den  Nutzer  laufen
’: 
 machines:   den  Maschinen  der ,
 empower:  ,  die  be fähig
s:  t
 citizens:   die  Bürger ,
 to:  ,  zu
 preserve:   bewahren
 their:   ihre
 privacy:   Privatsphäre
 and:   und
 increases:   erhöht
 the:   erhöht  die
 up:   Verbreitung
take:   Verbreitung
 of:   von
 language:   Sprach
 technologies:  technologien
 in:   in
 Europe:   Europa
 in:   in
 various:   Europa  verschiedenen
 sectors:   Sektoren
 that:  ,  die
 require:   erfordern
 confidential:   Ver tra u lichkeit
ity:  lichkeit
.:  .

Free:  Freie
 software:   Software
 integrated:  ,  die  wie  integriert
 with:  ,  mit
 an:   die  einem
 open:   Open
-:  - -
source:  Source
 web:  Web
 browser:  browser
,: 
 such: 
 as:   wie
 Mozilla:   Mozilla
 Firefox:   Firefox
,:  ,
 will:   wird
 enable:   wird  ermöglichen
 bottom:   die  Annahme  Bottom
-:  -
up:  up
 adoption:   Annahme
 by:   von  durch
 non:   Bottom  Nicht
-:  -
expert:  Ex per ten
s: 
,:  ,
 result:   was
ing: 
 in: 
 cost:   zu  Kosten
 savings:  ein spar ungen
 for:   für
 private:   private
 and:   und
 public:   öffentliche
 sector:   führt
 users:   Nutzer
 who:  ,  die
 would:   würden
 otherwise:   sonst
 pro:   be
cur:   be schaffen
e: 
 translation:   Übersetzungen
 or:   oder
 operate:   arbeiten
 mono:   ein sprachig
ling: 
ual:  sprachig
ly:   ein  arbeiten
.:   würden .

Bergamo:  Bergamo
t:  t
 is:   ist
 a:   ein
 consortium:   Kon sort ium
 coordinated:  ,  mit  koordiniert
 by:   von
 the:  ,  das  der
 University:   Universität
 of: 
 Edinburgh:   Edinburgh
 with:   mit
 partners:   den  Partnern
 Charles:   der  Charles
 University:   University
 in:   in
 Prague:   Prag
,:  ,
 the:   der
 University:   Universität
 of: 
 She:   She
f:  f
field:  field
,:  ,
 University:   der  Universität
 of: 
 Tar:   Tar
tu:  tu
,: 
 and:   und
 Mozilla:   Mozilla
.:   wird .
