
    
    <div class="wrap"><div class="image-wrap"><img src="/images/about.jpg" alt=""></div><h2 id="the-bergamot-project">Das Projekt Bergamot</h2>
    <p>Das Bergamot-Projekt wird die maschinelle Übersetzung von Client-Side-Maschinen in einem Webbrowser hinzufügen und verbessern.</p>
    <p>Im Gegensatz zu aktuellen Cloud-basierten Optionen, die direkt auf den Maschinen der Nutzer laufen, befähigt die Bürger, ihre Privatsphäre zu bewahren und erhöht die Verbreitung von Sprachtechnologien in Europa in verschiedenen Sektoren, die Vertraulichkeit erfordern. Freie Software, die mit einem Open-Source-Webbrowser wie Mozilla Firefox integriert ist, wird die Annahme von Bottom-up durch Nicht-Experten ermöglichen, was zu Kosteneinsparungen für private und öffentliche Nutzer führt, die sonst Übersetzungen beschaffen oder einsprachig arbeiten würden.</p>
    <p>Bergamot ist ein Konsortium, das von der Universität Edinburgh mit den Partnern der Charles University in Prag, der Universität Sheffield, der Universität Tartu und Mozilla koordiniert wird.</p></div>

