-1.109
-1.105
-0.457
-0.377
-0.309
-0.345
-1.688
-2.188
-2.404

-0.570
-0.311
-0.325
-2.968
-1.241
-0.504
-0.264
-0.900
-0.866
-0.391
-0.239
-0.357
-0.353
-0.237
-0.603
-0.516
-0.216
-0.246
-0.249
-0.327
-0.536
-0.315

-0.653
-0.329
-0.338
-0.267
-0.233
-0.230
-0.234
-0.479
-1.952
-0.280
-0.478
-0.682
-0.229
-1.425
-1.286
-0.362
-0.362
-0.587
-1.285
-1.006
-0.338
-0.441
-0.229
-0.229
-0.229
-0.724
-0.229
-0.234
-1.026
-0.326
-0.232
-1.770
-2.842

-0.673
-0.599
-0.207
-0.728
-0.238
-2.843
-0.695
-0.982
-0.341
-0.302
-0.261
-0.231
-2.152
-0.609
-0.678
-0.207
-0.231
-0.208
-0.598

